The target system is: Android - 1 - aarch64
The host system is: Linux - 6.18.54-1-lts - x86_64
Compiling the C compiler identification source file "CMakeCCompilerId.c" succeeded.
Compiler: /opt/android-sdk/ndk/29.0.14206865/toolchains/llvm/prebuilt/linux-x86_64/bin/clang 
Build flags: -g;-DANDROID;-fdata-sections;-ffunction-sections;-funwind-tables;-fstack-protector-strong;-no-canonical-prefixes;-D_FORTIFY_SOURCE=2;-Wformat;-Werror=format-security;
Id flags: -c;--target=aarch64-none-linux-android29 

The output was:
0


Compilation of the C compiler identification source "CMakeCCompilerId.c" produced "CMakeCCompilerId.o"

The C compiler identification is Clang, found in "/home/abhaybyte/repos/panvk-apk/apps/panvk-test/app/.cxx/Debug/2g662t5f/arm64-v8a/CMakeFiles/3.22.1-g37088a8/CompilerIdC/CMakeCCompilerId.o"

Detecting C compiler ABI info compiled with the following output:
Change Dir: /home/abhaybyte/repos/panvk-apk/apps/panvk-test/app/.cxx/Debug/2g662t5f/arm64-v8a/CMakeFiles/CMakeTmp

Run Build Command(s):/opt/android-sdk/cmake/3.22.1/bin/ninja cmTC_7cf5e && [1/2] Building C object CMakeFiles/cmTC_7cf5e.dir/CMakeCCompilerABI.c.o
Android (13989888, +pgo, +bolt, +lto, +mlgo, based on r563880c) clang version 21.0.0 (https://android.googlesource.com/toolchain/llvm-project 5e96669f06077099aa41290cdb4c5e6fa0f59349)
Target: aarch64-none-linux-android29
Thread model: posix
InstalledDir: /opt/android-sdk/ndk/29.0.14206865/toolchains/llvm/prebuilt/linux-x86_64/bin
Found CUDA installation: /opt/cuda, version 
 (in-process)
 "/opt/android-sdk/ndk/29.0.14206865/toolchains/llvm/prebuilt/linux-x86_64/bin/clang" -cc1 -triple aarch64-none-linux-android29 -emit-obj -disable-free -clear-ast-before-backend -disable-llvm-verifier -discard-value-names -main-file-name CMakeCCompilerABI.c -mrelocation-model pic -pic-level 2 -pic-is-pie -mframe-pointer=non-leaf -ffp-contract=on -fno-rounding-math -mconstructor-aliases -funwind-tables=2 -enable-tlsdesc -target-cpu generic -target-feature +v8a -target-feature +fp-armv8 -target-feature +neon -target-feature +fix-cortex-a53-835769 -target-abi aapcs -debug-info-kind=constructor -dwarf-version=4 -debugger-tuning=gdb -fdebug-compilation-dir=/home/abhaybyte/repos/panvk-apk/apps/panvk-test/app/.cxx/Debug/2g662t5f/arm64-v8a/CMakeFiles/CMakeTmp -v -ffunction-sections -fdata-sections -fcoverage-compilation-dir=/home/abhaybyte/repos/panvk-apk/apps/panvk-test/app/.cxx/Debug/2g662t5f/arm64-v8a/CMakeFiles/CMakeTmp -resource-dir /opt/android-sdk/ndk/29.0.14206865/toolchains/llvm/prebuilt/linux-x86_64/lib/clang/21 -dependency-file CMakeFiles/cmTC_7cf5e.dir/CMakeCCompilerABI.c.o.d -MT CMakeFiles/cmTC_7cf5e.dir/CMakeCCompilerABI.c.o -sys-header-deps -D ANDROID -D _FORTIFY_SOURCE=2 -isysroot /opt/android-sdk/ndk/29.0.14206865/toolchains/llvm/prebuilt/linux-x86_64/sysroot -internal-isystem /opt/android-sdk/ndk/29.0.14206865/toolchains/llvm/prebuilt/linux-x86_64/lib/clang/21/include -internal-isystem /opt/android-sdk/ndk/29.0.14206865/toolchains/llvm/prebuilt/linux-x86_64/sysroot/usr/local/include -internal-externc-isystem /opt/android-sdk/ndk/29.0.14206865/toolchains/llvm/prebuilt/linux-x86_64/sysroot/usr/include/aarch64-linux-android -internal-externc-isystem /opt/android-sdk/ndk/29.0.14206865/toolchains/llvm/prebuilt/linux-x86_64/sysroot/include -internal-externc-isystem /opt/android-sdk/ndk/29.0.14206865/toolchains/llvm/prebuilt/linux-x86_64/sysroot/usr/include -Wformat -ferror-limit 19 -stack-protector 2 -fno-signed-char -fgnuc-version=4.2.1 -fskip-odr-check-in-gmf -target-feature +outline-atomics -D__GCC_HAVE_DWARF2_CFI_ASM=1 -o CMakeFiles/cmTC_7cf5e.dir/CMakeCCompilerABI.c.o -x c /opt/android-sdk/cmake/3.22.1/share/cmake-3.22/Modules/CMakeCCompilerABI.c
clang -cc1 version 21.0.0 based upon LLVM 21.0.0 default target x86_64-unknown-linux-gnu
ignoring nonexistent directory "/opt/android-sdk/ndk/29.0.14206865/toolchains/llvm/prebuilt/linux-x86_64/sysroot/usr/local/include"
ignoring nonexistent directory "/opt/android-sdk/ndk/29.0.14206865/toolchains/llvm/prebuilt/linux-x86_64/sysroot/include"
#include "..." search starts here:
#include <...> search starts here:
 /opt/android-sdk/ndk/29.0.14206865/toolchains/llvm/prebuilt/linux-x86_64/lib/clang/21/include
 /opt/android-sdk/ndk/29.0.14206865/toolchains/llvm/prebuilt/linux-x86_64/sysroot/usr/include/aarch64-linux-android
 /opt/android-sdk/ndk/29.0.14206865/toolchains/llvm/prebuilt/linux-x86_64/sysroot/usr/include
End of search list.
[2/2] Linking C executable cmTC_7cf5e
Android (13989888, +pgo, +bolt, +lto, +mlgo, based on r563880c) clang version 21.0.0 (https://android.googlesource.com/toolchain/llvm-project 5e96669f06077099aa41290cdb4c5e6fa0f59349)
Target: aarch64-none-linux-android29
Thread model: posix
InstalledDir: /opt/android-sdk/ndk/29.0.14206865/toolchains/llvm/prebuilt/linux-x86_64/bin
Found CUDA installation: /opt/cuda, version 
 "/opt/android-sdk/ndk/29.0.14206865/toolchains/llvm/prebuilt/linux-x86_64/bin/ld.lld" --sysroot=/opt/android-sdk/ndk/29.0.14206865/toolchains/llvm/prebuilt/linux-x86_64/sysroot -EL --fix-cortex-a53-843419 -z now -z relro -z max-page-size=16384 --use-android-relr-tags --pack-dyn-relocs=relr --hash-style=gnu --eh-frame-hdr -m aarch64linux -pie -dynamic-linker /system/bin/linker64 -o cmTC_7cf5e /opt/android-sdk/ndk/29.0.14206865/toolchains/llvm/prebuilt/linux-x86_64/sysroot/usr/lib/aarch64-linux-android/29/crtbegin_dynamic.o -L/opt/android-sdk/ndk/29.0.14206865/toolchains/llvm/prebuilt/linux-x86_64/lib/clang/21/lib/linux/aarch64 -L/opt/android-sdk/ndk/29.0.14206865/toolchains/llvm/prebuilt/linux-x86_64/sysroot/usr/lib/aarch64-linux-android/29 -L/opt/android-sdk/ndk/29.0.14206865/toolchains/llvm/prebuilt/linux-x86_64/sysroot/usr/lib/aarch64-linux-android -L/opt/android-sdk/ndk/29.0.14206865/toolchains/llvm/prebuilt/linux-x86_64/sysroot/usr/lib --build-id=sha1 --no-rosegment --no-undefined-version --fatal-warnings --no-undefined CMakeFiles/cmTC_7cf5e.dir/CMakeCCompilerABI.c.o /opt/android-sdk/ndk/29.0.14206865/toolchains/llvm/prebuilt/linux-x86_64/lib/clang/21/lib/linux/libclang_rt.builtins-aarch64-android.a -l:libunwind.a -ldl -lc /opt/android-sdk/ndk/29.0.14206865/toolchains/llvm/prebuilt/linux-x86_64/lib/clang/21/lib/linux/libclang_rt.builtins-aarch64-android.a -l:libunwind.a -ldl /opt/android-sdk/ndk/29.0.14206865/toolchains/llvm/prebuilt/linux-x86_64/sysroot/usr/lib/aarch64-linux-android/29/crtend_android.o



Parsed C implicit include dir info from above output: rv=done
  found start of include info
  found start of implicit include info
    add: [/opt/android-sdk/ndk/29.0.14206865/toolchains/llvm/prebuilt/linux-x86_64/lib/clang/21/include]
    add: [/opt/android-sdk/ndk/29.0.14206865/toolchains/llvm/prebuilt/linux-x86_64/sysroot/usr/include/aarch64-linux-android]
    add: [/opt/android-sdk/ndk/29.0.14206865/toolchains/llvm/prebuilt/linux-x86_64/sysroot/usr/include]
  end of search list found
  collapse include dir [/opt/android-sdk/ndk/29.0.14206865/toolchains/llvm/prebuilt/linux-x86_64/lib/clang/21/include] ==> [/opt/android-sdk/ndk/29.0.14206865/toolchains/llvm/prebuilt/linux-x86_64/lib/clang/21/include]
  collapse include dir [/opt/android-sdk/ndk/29.0.14206865/toolchains/llvm/prebuilt/linux-x86_64/sysroot/usr/include/aarch64-linux-android] ==> [/opt/android-sdk/ndk/29.0.14206865/toolchains/llvm/prebuilt/linux-x86_64/sysroot/usr/include/aarch64-linux-android]
  collapse include dir [/opt/android-sdk/ndk/29.0.14206865/toolchains/llvm/prebuilt/linux-x86_64/sysroot/usr/include] ==> [/opt/android-sdk/ndk/29.0.14206865/toolchains/llvm/prebuilt/linux-x86_64/sysroot/usr/include]
  implicit include dirs: [/opt/android-sdk/ndk/29.0.14206865/toolchains/llvm/prebuilt/linux-x86_64/lib/clang/21/include;/opt/android-sdk/ndk/29.0.14206865/toolchains/llvm/prebuilt/linux-x86_64/sysroot/usr/include/aarch64-linux-android;/opt/android-sdk/ndk/29.0.14206865/toolchains/llvm/prebuilt/linux-x86_64/sysroot/usr/include]


Parsed C implicit link information from above output:
  link line regex: [^( *|.*[/\])(ld\.lld|CMAKE_LINK_STARTFILE-NOTFOUND|([^/\]+-)?ld|collect2)[^/\]*( |$)]
  ignore line: [Change Dir: /home/abhaybyte/repos/panvk-apk/apps/panvk-test/app/.cxx/Debug/2g662t5f/arm64-v8a/CMakeFiles/CMakeTmp]
  ignore line: []
  ignore line: [Run Build Command(s):/opt/android-sdk/cmake/3.22.1/bin/ninja cmTC_7cf5e && [1/2] Building C object CMakeFiles/cmTC_7cf5e.dir/CMakeCCompilerABI.c.o]
  ignore line: [Android (13989888  +pgo  +bolt  +lto  +mlgo  based on r563880c) clang version 21.0.0 (https://android.googlesource.com/toolchain/llvm-project 5e96669f06077099aa41290cdb4c5e6fa0f59349)]
  ignore line: [Target: aarch64-none-linux-android29]
  ignore line: [Thread model: posix]
  ignore line: [InstalledDir: /opt/android-sdk/ndk/29.0.14206865/toolchains/llvm/prebuilt/linux-x86_64/bin]
  ignore line: [Found CUDA installation: /opt/cuda  version ]
  ignore line: [ (in-process)]
  ignore line: [ "/opt/android-sdk/ndk/29.0.14206865/toolchains/llvm/prebuilt/linux-x86_64/bin/clang" -cc1 -triple aarch64-none-linux-android29 -emit-obj -disable-free -clear-ast-before-backend -disable-llvm-verifier -discard-value-names -main-file-name CMakeCCompilerABI.c -mrelocation-model pic -pic-level 2 -pic-is-pie -mframe-pointer=non-leaf -ffp-contract=on -fno-rounding-math -mconstructor-aliases -funwind-tables=2 -enable-tlsdesc -target-cpu generic -target-feature +v8a -target-feature +fp-armv8 -target-feature +neon -target-feature +fix-cortex-a53-835769 -target-abi aapcs -debug-info-kind=constructor -dwarf-version=4 -debugger-tuning=gdb -fdebug-compilation-dir=/home/abhaybyte/repos/panvk-apk/apps/panvk-test/app/.cxx/Debug/2g662t5f/arm64-v8a/CMakeFiles/CMakeTmp -v -ffunction-sections -fdata-sections -fcoverage-compilation-dir=/home/abhaybyte/repos/panvk-apk/apps/panvk-test/app/.cxx/Debug/2g662t5f/arm64-v8a/CMakeFiles/CMakeTmp -resource-dir /opt/android-sdk/ndk/29.0.14206865/toolchains/llvm/prebuilt/linux-x86_64/lib/clang/21 -dependency-file CMakeFiles/cmTC_7cf5e.dir/CMakeCCompilerABI.c.o.d -MT CMakeFiles/cmTC_7cf5e.dir/CMakeCCompilerABI.c.o -sys-header-deps -D ANDROID -D _FORTIFY_SOURCE=2 -isysroot /opt/android-sdk/ndk/29.0.14206865/toolchains/llvm/prebuilt/linux-x86_64/sysroot -internal-isystem /opt/android-sdk/ndk/29.0.14206865/toolchains/llvm/prebuilt/linux-x86_64/lib/clang/21/include -internal-isystem /opt/android-sdk/ndk/29.0.14206865/toolchains/llvm/prebuilt/linux-x86_64/sysroot/usr/local/include -internal-externc-isystem /opt/android-sdk/ndk/29.0.14206865/toolchains/llvm/prebuilt/linux-x86_64/sysroot/usr/include/aarch64-linux-android -internal-externc-isystem /opt/android-sdk/ndk/29.0.14206865/toolchains/llvm/prebuilt/linux-x86_64/sysroot/include -internal-externc-isystem /opt/android-sdk/ndk/29.0.14206865/toolchains/llvm/prebuilt/linux-x86_64/sysroot/usr/include -Wformat -ferror-limit 19 -stack-protector 2 -fno-signed-char -fgnuc-version=4.2.1 -fskip-odr-check-in-gmf -target-feature +outline-atomics -D__GCC_HAVE_DWARF2_CFI_ASM=1 -o CMakeFiles/cmTC_7cf5e.dir/CMakeCCompilerABI.c.o -x c /opt/android-sdk/cmake/3.22.1/share/cmake-3.22/Modules/CMakeCCompilerABI.c]
  ignore line: [clang -cc1 version 21.0.0 based upon LLVM 21.0.0 default target x86_64-unknown-linux-gnu]
  ignore line: [ignoring nonexistent directory "/opt/android-sdk/ndk/29.0.14206865/toolchains/llvm/prebuilt/linux-x86_64/sysroot/usr/local/include"]
  ignore line: [ignoring nonexistent directory "/opt/android-sdk/ndk/29.0.14206865/toolchains/llvm/prebuilt/linux-x86_64/sysroot/include"]
  ignore line: [#include "..." search starts here:]
  ignore line: [#include <...> search starts here:]
  ignore line: [ /opt/android-sdk/ndk/29.0.14206865/toolchains/llvm/prebuilt/linux-x86_64/lib/clang/21/include]
  ignore line: [ /opt/android-sdk/ndk/29.0.14206865/toolchains/llvm/prebuilt/linux-x86_64/sysroot/usr/include/aarch64-linux-android]
  ignore line: [ /opt/android-sdk/ndk/29.0.14206865/toolchains/llvm/prebuilt/linux-x86_64/sysroot/usr/include]
  ignore line: [End of search list.]
  ignore line: [[2/2] Linking C executable cmTC_7cf5e]
  ignore line: [Android (13989888  +pgo  +bolt  +lto  +mlgo  based on r563880c) clang version 21.0.0 (https://android.googlesource.com/toolchain/llvm-project 5e96669f06077099aa41290cdb4c5e6fa0f59349)]
  ignore line: [Target: aarch64-none-linux-android29]
  ignore line: [Thread model: posix]
  ignore line: [InstalledDir: /opt/android-sdk/ndk/29.0.14206865/toolchains/llvm/prebuilt/linux-x86_64/bin]
  ignore line: [Found CUDA installation: /opt/cuda  version ]
  link line: [ "/opt/android-sdk/ndk/29.0.14206865/toolchains/llvm/prebuilt/linux-x86_64/bin/ld.lld" --sysroot=/opt/android-sdk/ndk/29.0.14206865/toolchains/llvm/prebuilt/linux-x86_64/sysroot -EL --fix-cortex-a53-843419 -z now -z relro -z max-page-size=16384 --use-android-relr-tags --pack-dyn-relocs=relr --hash-style=gnu --eh-frame-hdr -m aarch64linux -pie -dynamic-linker /system/bin/linker64 -o cmTC_7cf5e /opt/android-sdk/ndk/29.0.14206865/toolchains/llvm/prebuilt/linux-x86_64/sysroot/usr/lib/aarch64-linux-android/29/crtbegin_dynamic.o -L/opt/android-sdk/ndk/29.0.14206865/toolchains/llvm/prebuilt/linux-x86_64/lib/clang/21/lib/linux/aarch64 -L/opt/android-sdk/ndk/29.0.14206865/toolchains/llvm/prebuilt/linux-x86_64/sysroot/usr/lib/aarch64-linux-android/29 -L/opt/android-sdk/ndk/29.0.14206865/toolchains/llvm/prebuilt/linux-x86_64/sysroot/usr/lib/aarch64-linux-android -L/opt/android-sdk/ndk/29.0.14206865/toolchains/llvm/prebuilt/linux-x86_64/sysroot/usr/lib --build-id=sha1 --no-rosegment --no-undefined-version --fatal-warnings --no-undefined CMakeFiles/cmTC_7cf5e.dir/CMakeCCompilerABI.c.o /opt/android-sdk/ndk/29.0.14206865/toolchains/llvm/prebuilt/linux-x86_64/lib/clang/21/lib/linux/libclang_rt.builtins-aarch64-android.a -l:libunwind.a -ldl -lc /opt/android-sdk/ndk/29.0.14206865/toolchains/llvm/prebuilt/linux-x86_64/lib/clang/21/lib/linux/libclang_rt.builtins-aarch64-android.a -l:libunwind.a -ldl /opt/android-sdk/ndk/29.0.14206865/toolchains/llvm/prebuilt/linux-x86_64/sysroot/usr/lib/aarch64-linux-android/29/crtend_android.o]
    arg [/opt/android-sdk/ndk/29.0.14206865/toolchains/llvm/prebuilt/linux-x86_64/bin/ld.lld] ==> ignore
    arg [--sysroot=/opt/android-sdk/ndk/29.0.14206865/toolchains/llvm/prebuilt/linux-x86_64/sysroot] ==> ignore
    arg [-EL] ==> ignore
    arg [--fix-cortex-a53-843419] ==> ignore
    arg [-znow] ==> ignore
    arg [-zrelro] ==> ignore
    arg [-zmax-page-size=16384] ==> ignore
    arg [--use-android-relr-tags] ==> ignore
    arg [--pack-dyn-relocs=relr] ==> ignore
    arg [--hash-style=gnu] ==> ignore
    arg [--eh-frame-hdr] ==> ignore
    arg [-m] ==> ignore
    arg [aarch64linux] ==> ignore
    arg [-pie] ==> ignore
    arg [-dynamic-linker] ==> ignore
    arg [/system/bin/linker64] ==> ignore
    arg [-o] ==> ignore
    arg [cmTC_7cf5e] ==> ignore
    arg [/opt/android-sdk/ndk/29.0.14206865/toolchains/llvm/prebuilt/linux-x86_64/sysroot/usr/lib/aarch64-linux-android/29/crtbegin_dynamic.o] ==> obj [/opt/android-sdk/ndk/29.0.14206865/toolchains/llvm/prebuilt/linux-x86_64/sysroot/usr/lib/aarch64-linux-android/29/crtbegin_dynamic.o]
    arg [-L/opt/android-sdk/ndk/29.0.14206865/toolchains/llvm/prebuilt/linux-x86_64/lib/clang/21/lib/linux/aarch64] ==> dir [/opt/android-sdk/ndk/29.0.14206865/toolchains/llvm/prebuilt/linux-x86_64/lib/clang/21/lib/linux/aarch64]
    arg [-L/opt/android-sdk/ndk/29.0.14206865/toolchains/llvm/prebuilt/linux-x86_64/sysroot/usr/lib/aarch64-linux-android/29] ==> dir [/opt/android-sdk/ndk/29.0.14206865/toolchains/llvm/prebuilt/linux-x86_64/sysroot/usr/lib/aarch64-linux-android/29]
    arg [-L/opt/android-sdk/ndk/29.0.14206865/toolchains/llvm/prebuilt/linux-x86_64/sysroot/usr/lib/aarch64-linux-android] ==> dir [/opt/android-sdk/ndk/29.0.14206865/toolchains/llvm/prebuilt/linux-x86_64/sysroot/usr/lib/aarch64-linux-android]
    arg [-L/opt/android-sdk/ndk/29.0.14206865/toolchains/llvm/prebuilt/linux-x86_64/sysroot/usr/lib] ==> dir [/opt/android-sdk/ndk/29.0.14206865/toolchains/llvm/prebuilt/linux-x86_64/sysroot/usr/lib]
    arg [--build-id=sha1] ==> ignore
    arg [--no-rosegment] ==> ignore
    arg [--no-undefined-version] ==> ignore
    arg [--fatal-warnings] ==> ignore
    arg [--no-undefined] ==> ignore
    arg [CMakeFiles/cmTC_7cf5e.dir/CMakeCCompilerABI.c.o] ==> ignore
    arg [/opt/android-sdk/ndk/29.0.14206865/toolchains/llvm/prebuilt/linux-x86_64/lib/clang/21/lib/linux/libclang_rt.builtins-aarch64-android.a] ==> lib [/opt/android-sdk/ndk/29.0.14206865/toolchains/llvm/prebuilt/linux-x86_64/lib/clang/21/lib/linux/libclang_rt.builtins-aarch64-android.a]
    arg [-l:libunwind.a] ==> lib [-l:libunwind.a]
    arg [-ldl] ==> lib [dl]
    arg [-lc] ==> lib [c]
    arg [/opt/android-sdk/ndk/29.0.14206865/toolchains/llvm/prebuilt/linux-x86_64/lib/clang/21/lib/linux/libclang_rt.builtins-aarch64-android.a] ==> lib [/opt/android-sdk/ndk/29.0.14206865/toolchains/llvm/prebuilt/linux-x86_64/lib/clang/21/lib/linux/libclang_rt.builtins-aarch64-android.a]
    arg [-l:libunwind.a] ==> lib [-l:libunwind.a]
    arg [-ldl] ==> lib [dl]
    arg [/opt/android-sdk/ndk/29.0.14206865/toolchains/llvm/prebuilt/linux-x86_64/sysroot/usr/lib/aarch64-linux-android/29/crtend_android.o] ==> obj [/opt/android-sdk/ndk/29.0.14206865/toolchains/llvm/prebuilt/linux-x86_64/sysroot/usr/lib/aarch64-linux-android/29/crtend_android.o]
  remove lib [/opt/android-sdk/ndk/29.0.14206865/toolchains/llvm/prebuilt/linux-x86_64/lib/clang/21/lib/linux/libclang_rt.builtins-aarch64-android.a]
  remove lib [/opt/android-sdk/ndk/29.0.14206865/toolchains/llvm/prebuilt/linux-x86_64/lib/clang/21/lib/linux/libclang_rt.builtins-aarch64-android.a]
  collapse library dir [/opt/android-sdk/ndk/29.0.14206865/toolchains/llvm/prebuilt/linux-x86_64/lib/clang/21/lib/linux/aarch64] ==> [/opt/android-sdk/ndk/29.0.14206865/toolchains/llvm/prebuilt/linux-x86_64/lib/clang/21/lib/linux/aarch64]
  collapse library dir [/opt/android-sdk/ndk/29.0.14206865/toolchains/llvm/prebuilt/linux-x86_64/sysroot/usr/lib/aarch64-linux-android/29] ==> [/opt/android-sdk/ndk/29.0.14206865/toolchains/llvm/prebuilt/linux-x86_64/sysroot/usr/lib/aarch64-linux-android/29]
  collapse library dir [/opt/android-sdk/ndk/29.0.14206865/toolchains/llvm/prebuilt/linux-x86_64/sysroot/usr/lib/aarch64-linux-android] ==> [/opt/android-sdk/ndk/29.0.14206865/toolchains/llvm/prebuilt/linux-x86_64/sysroot/usr/lib/aarch64-linux-android]
  collapse library dir [/opt/android-sdk/ndk/29.0.14206865/toolchains/llvm/prebuilt/linux-x86_64/sysroot/usr/lib] ==> [/opt/android-sdk/ndk/29.0.14206865/toolchains/llvm/prebuilt/linux-x86_64/sysroot/usr/lib]
  implicit libs: [-l:libunwind.a;dl;c;-l:libunwind.a;dl]
  implicit objs: [/opt/android-sdk/ndk/29.0.14206865/toolchains/llvm/prebuilt/linux-x86_64/sysroot/usr/lib/aarch64-linux-android/29/crtbegin_dynamic.o;/opt/android-sdk/ndk/29.0.14206865/toolchains/llvm/prebuilt/linux-x86_64/sysroot/usr/lib/aarch64-linux-android/29/crtend_android.o]
  implicit dirs: [/opt/android-sdk/ndk/29.0.14206865/toolchains/llvm/prebuilt/linux-x86_64/lib/clang/21/lib/linux/aarch64;/opt/android-sdk/ndk/29.0.14206865/toolchains/llvm/prebuilt/linux-x86_64/sysroot/usr/lib/aarch64-linux-android/29;/opt/android-sdk/ndk/29.0.14206865/toolchains/llvm/prebuilt/linux-x86_64/sysroot/usr/lib/aarch64-linux-android;/opt/android-sdk/ndk/29.0.14206865/toolchains/llvm/prebuilt/linux-x86_64/sysroot/usr/lib]
  implicit fwks: []


